
> simple-v0@0.1.5 build
> next build

